[ +211 ms] Artifact Instance of 'MaterialFonts' is not required, skipping update.
[   +1 ms] Artifact Instance of 'GradleWrapper' is not required, skipping update.
[        ] Artifact Instance of 'AndroidGenSnapshotArtifacts' is not required, skipping update.
[        ] Artifact Instance of 'AndroidInternalBuildArtifacts' is not required, skipping update.
[        ] Artifact Instance of 'IOSEngineArtifacts' is not required, skipping update.
[        ] Artifact Instance of 'FlutterWebSdk' is not required, skipping update.
[        ] Artifact Instance of 'LegacyCanvasKitRemover' is not required, skipping update.
[        ] Artifact Instance of 'FlutterSdk' is not required, skipping update.
[        ] Artifact Instance of 'WindowsEngineArtifacts' is not required, skipping update.
[        ] Artifact Instance of 'MacOSEngineArtifacts' is not required, skipping update.
[        ] Artifact Instance of 'LinuxEngineArtifacts' is not required, skipping update.
[        ] Artifact Instance of 'LinuxFuchsiaSDKArtifacts' is not required, skipping update.
[        ] Artifact Instance of 'MacOSFuchsiaSDKArtifacts' is not required, skipping update.
[        ] Artifact Instance of 'FlutterRunnerSDKArtifacts' is not required, skipping update.
[        ] Artifact Instance of 'FlutterRunnerDebugSymbols' is not required, skipping update.
[        ] Artifact Instance of 'IosUsbArtifacts' is not required, skipping update.
[        ] Artifact Instance of 'IosUsbArtifacts' is not required, skipping update.
[        ] Artifact Instance of 'IosUsbArtifacts' is not required, skipping update.
[        ] Artifact Instance of 'IosUsbArtifacts' is not required, skipping update.
[        ] Artifact Instance of 'IosUsbArtifacts' is not required, skipping update.
[        ] Artifact Instance of 'IosUsbArtifacts' is not required, skipping update.
[        ] Artifact Instance of 'FontSubsetArtifacts' is not required, skipping update.
[        ] Artifact Instance of 'PubDependencies' is not required, skipping update.
[  +85 ms] Artifact Instance of 'AndroidGenSnapshotArtifacts' is not required, skipping update.
[        ] Artifact Instance of 'AndroidInternalBuildArtifacts' is not required, skipping update.
[        ] Artifact Instance of 'IOSEngineArtifacts' is not required, skipping update.
[        ] Artifact Instance of 'FlutterWebSdk' is not required, skipping update.
[        ] Artifact Instance of 'FlutterEngineStamp' is not required, skipping update.
[        ] Artifact Instance of 'LegacyCanvasKitRemover' is not required, skipping update.
[   +1 ms] Artifact Instance of 'WindowsEngineArtifacts' is not required, skipping update.
[        ] Artifact Instance of 'MacOSEngineArtifacts' is not required, skipping update.
[        ] Artifact Instance of 'LinuxEngineArtifacts' is not required, skipping update.
[        ] Artifact Instance of 'LinuxFuchsiaSDKArtifacts' is not required, skipping update.
[        ] Artifact Instance of 'MacOSFuchsiaSDKArtifacts' is not required, skipping update.
[        ] Artifact Instance of 'FlutterRunnerSDKArtifacts' is not required, skipping update.
[        ] Artifact Instance of 'FlutterRunnerDebugSymbols' is not required, skipping update.
[  +85 ms] Artifact Instance of 'AndroidGenSnapshotArtifacts' is not required, skipping update.
[        ] Artifact Instance of 'AndroidInternalBuildArtifacts' is not required, skipping update.
[        ] Artifact Instance of 'IOSEngineArtifacts' is not required, skipping update.
[        ] Artifact Instance of 'FlutterEngineStamp' is not required, skipping update.
[   +2 ms] Artifact Instance of 'WindowsEngineArtifacts' is not required, skipping update.
[        ] Artifact Instance of 'MacOSEngineArtifacts' is not required, skipping update.
[        ] Artifact Instance of 'LinuxEngineArtifacts' is not required, skipping update.
[        ] Artifact Instance of 'LinuxFuchsiaSDKArtifacts' is not required, skipping update.
[        ] Artifact Instance of 'MacOSFuchsiaSDKArtifacts' is not required, skipping update.
[        ] Artifact Instance of 'FlutterRunnerSDKArtifacts' is not required, skipping update.
[        ] Artifact Instance of 'FlutterRunnerDebugSymbols' is not required, skipping update.
[  +29 ms] Skipping pub get: version match.
[  +58 ms] Found plugin image_picker at C:\Users\HP\AppData\Local\Pub\Cache\hosted\pub.dev\image_picker-1.2.1\
[   +6 ms] Found plugin image_picker_windows at C:\Users\HP\AppData\Local\Pub\Cache\hosted\pub.dev\image_picker_windows-0.2.2\
[  +10 ms] Found plugin file_selector_windows at C:\Users\HP\AppData\Local\Pub\Cache\hosted\pub.dev\file_selector_windows-0.9.3+5\
[   +3 ms] Found plugin image_picker_macos at C:\Users\HP\AppData\Local\Pub\Cache\hosted\pub.dev\image_picker_macos-0.2.2+1\
[   +1 ms] Found plugin file_selector_macos at C:\Users\HP\AppData\Local\Pub\Cache\hosted\pub.dev\file_selector_macos-0.9.5\
[   +2 ms] Found plugin image_picker_linux at C:\Users\HP\AppData\Local\Pub\Cache\hosted\pub.dev\image_picker_linux-0.2.2\
[   +2 ms] Found plugin file_selector_linux at C:\Users\HP\AppData\Local\Pub\Cache\hosted\pub.dev\file_selector_linux-0.9.4\
[   +2 ms] Found plugin image_picker_ios at C:\Users\HP\AppData\Local\Pub\Cache\hosted\pub.dev\image_picker_ios-0.8.13+3\
[   +2 ms] Found plugin image_picker_for_web at C:\Users\HP\AppData\Local\Pub\Cache\hosted\pub.dev\image_picker_for_web-3.1.1\
[   +8 ms] Found plugin image_picker_android at C:\Users\HP\AppData\Local\Pub\Cache\hosted\pub.dev\image_picker_android-0.8.13+14\
[   +2 ms] Found plugin flutter_plugin_android_lifecycle at C:\Users\HP\AppData\Local\Pub\Cache\hosted\pub.dev\flutter_plugin_android_lifecycle-2.0.33\
[   +3 ms] Found plugin path_provider at C:\Users\HP\AppData\Local\Pub\Cache\hosted\pub.dev\path_provider-2.1.5\
[   +2 ms] Found plugin path_provider_windows at C:\Users\HP\AppData\Local\Pub\Cache\hosted\pub.dev\path_provider_windows-2.3.0\
[   +8 ms] Found plugin path_provider_linux at C:\Users\HP\AppData\Local\Pub\Cache\hosted\pub.dev\path_provider_linux-2.2.1\
[   +3 ms] Found plugin path_provider_foundation at C:\Users\HP\AppData\Local\Pub\Cache\hosted\pub.dev\path_provider_foundation-2.5.1\
[   +1 ms] Found plugin path_provider_android at C:\Users\HP\AppData\Local\Pub\Cache\hosted\pub.dev\path_provider_android-2.2.22\
[   +2 ms] Found plugin flutter_local_notifications at C:\Users\HP\AppData\Local\Pub\Cache\hosted\pub.dev\flutter_local_notifications-20.1.0\
[   +2 ms] Found plugin flutter_local_notifications_windows at C:\Users\HP\AppData\Local\Pub\Cache\hosted\pub.dev\flutter_local_notifications_windows-2.0.1\
[   +4 ms] Found plugin flutter_local_notifications_linux at C:\Users\HP\AppData\Local\Pub\Cache\hosted\pub.dev\flutter_local_notifications_linux-7.0.0\
[   +5 ms] Found plugin file_picker at C:\Users\HP\AppData\Local\Pub\Cache\hosted\pub.dev\file_picker-8.3.7\
[  +46 ms] Found plugin image_picker at C:\Users\HP\AppData\Local\Pub\Cache\hosted\pub.dev\image_picker-1.2.1\
[   +1 ms] Found plugin image_picker_windows at C:\Users\HP\AppData\Local\Pub\Cache\hosted\pub.dev\image_picker_windows-0.2.2\
[   +8 ms] Found plugin file_selector_windows at C:\Users\HP\AppData\Local\Pub\Cache\hosted\pub.dev\file_selector_windows-0.9.3+5\
[   +2 ms] Found plugin image_picker_macos at C:\Users\HP\AppData\Local\Pub\Cache\hosted\pub.dev\image_picker_macos-0.2.2+1\
[   +1 ms] Found plugin file_selector_macos at C:\Users\HP\AppData\Local\Pub\Cache\hosted\pub.dev\file_selector_macos-0.9.5\
[   +1 ms] Found plugin image_picker_linux at C:\Users\HP\AppData\Local\Pub\Cache\hosted\pub.dev\image_picker_linux-0.2.2\
[   +1 ms] Found plugin file_selector_linux at C:\Users\HP\AppData\Local\Pub\Cache\hosted\pub.dev\file_selector_linux-0.9.4\
[   +1 ms] Found plugin image_picker_ios at C:\Users\HP\AppData\Local\Pub\Cache\hosted\pub.dev\image_picker_ios-0.8.13+3\
[   +1 ms] Found plugin image_picker_for_web at C:\Users\HP\AppData\Local\Pub\Cache\hosted\pub.dev\image_picker_for_web-3.1.1\
[   +2 ms] Found plugin image_picker_android at C:\Users\HP\AppData\Local\Pub\Cache\hosted\pub.dev\image_picker_android-0.8.13+14\
[   +1 ms] Found plugin flutter_plugin_android_lifecycle at C:\Users\HP\AppData\Local\Pub\Cache\hosted\pub.dev\flutter_plugin_android_lifecycle-2.0.33\
[   +2 ms] Found plugin path_provider at C:\Users\HP\AppData\Local\Pub\Cache\hosted\pub.dev\path_provider-2.1.5\
[   +1 ms] Found plugin path_provider_windows at C:\Users\HP\AppData\Local\Pub\Cache\hosted\pub.dev\path_provider_windows-2.3.0\
[   +3 ms] Found plugin path_provider_linux at C:\Users\HP\AppData\Local\Pub\Cache\hosted\pub.dev\path_provider_linux-2.2.1\
[   +1 ms] Found plugin path_provider_foundation at C:\Users\HP\AppData\Local\Pub\Cache\hosted\pub.dev\path_provider_foundation-2.5.1\
[        ] Found plugin path_provider_android at C:\Users\HP\AppData\Local\Pub\Cache\hosted\pub.dev\path_provider_android-2.2.22\
[   +1 ms] Found plugin flutter_local_notifications at C:\Users\HP\AppData\Local\Pub\Cache\hosted\pub.dev\flutter_local_notifications-20.1.0\
[   +1 ms] Found plugin flutter_local_notifications_windows at C:\Users\HP\AppData\Local\Pub\Cache\hosted\pub.dev\flutter_local_notifications_windows-2.0.1\
[   +2 ms] Found plugin flutter_local_notifications_linux at C:\Users\HP\AppData\Local\Pub\Cache\hosted\pub.dev\flutter_local_notifications_linux-7.0.0\
[   +4 ms] Found plugin file_picker at C:\Users\HP\AppData\Local\Pub\Cache\hosted\pub.dev\file_picker-8.3.7\
[   +9 ms] Skipping generating web_plugin_registrant.dart because it is up-to-date.
[  +24 ms] Found plugin image_picker at C:\Users\HP\AppData\Local\Pub\Cache\hosted\pub.dev\image_picker-1.2.1\
[        ] Found plugin image_picker_windows at C:\Users\HP\AppData\Local\Pub\Cache\hosted\pub.dev\image_picker_windows-0.2.2\
[   +5 ms] Found plugin file_selector_windows at C:\Users\HP\AppData\Local\Pub\Cache\hosted\pub.dev\file_selector_windows-0.9.3+5\
[   +1 ms] Found plugin image_picker_macos at C:\Users\HP\AppData\Local\Pub\Cache\hosted\pub.dev\image_picker_macos-0.2.2+1\
[        ] Found plugin file_selector_macos at C:\Users\HP\AppData\Local\Pub\Cache\hosted\pub.dev\file_selector_macos-0.9.5\
[        ] Found plugin image_picker_linux at C:\Users\HP\AppData\Local\Pub\Cache\hosted\pub.dev\image_picker_linux-0.2.2\
[        ] Found plugin file_selector_linux at C:\Users\HP\AppData\Local\Pub\Cache\hosted\pub.dev\file_selector_linux-0.9.4\
[        ] Found plugin image_picker_ios at C:\Users\HP\AppData\Local\Pub\Cache\hosted\pub.dev\image_picker_ios-0.8.13+3\
[        ] Found plugin image_picker_for_web at C:\Users\HP\AppData\Local\Pub\Cache\hosted\pub.dev\image_picker_for_web-3.1.1\
[   +2 ms] Found plugin image_picker_android at C:\Users\HP\AppData\Local\Pub\Cache\hosted\pub.dev\image_picker_android-0.8.13+14\
[        ] Found plugin flutter_plugin_android_lifecycle at C:\Users\HP\AppData\Local\Pub\Cache\hosted\pub.dev\flutter_plugin_android_lifecycle-2.0.33\
[   +1 ms] Found plugin path_provider at C:\Users\HP\AppData\Local\Pub\Cache\hosted\pub.dev\path_provider-2.1.5\
[        ] Found plugin path_provider_windows at C:\Users\HP\AppData\Local\Pub\Cache\hosted\pub.dev\path_provider_windows-2.3.0\
[   +2 ms] Found plugin path_provider_linux at C:\Users\HP\AppData\Local\Pub\Cache\hosted\pub.dev\path_provider_linux-2.2.1\
[   +1 ms] Found plugin path_provider_foundation at C:\Users\HP\AppData\Local\Pub\Cache\hosted\pub.dev\path_provider_foundation-2.5.1\
[        ] Found plugin path_provider_android at C:\Users\HP\AppData\Local\Pub\Cache\hosted\pub.dev\path_provider_android-2.2.22\
[   +1 ms] Found plugin flutter_local_notifications at C:\Users\HP\AppData\Local\Pub\Cache\hosted\pub.dev\flutter_local_notifications-20.1.0\
[   +1 ms] Found plugin flutter_local_notifications_windows at C:\Users\HP\AppData\Local\Pub\Cache\hosted\pub.dev\flutter_local_notifications_windows-2.0.1\
[   +2 ms] Found plugin flutter_local_notifications_linux at C:\Users\HP\AppData\Local\Pub\Cache\hosted\pub.dev\flutter_local_notifications_linux-7.0.0\
[   +3 ms] Found plugin file_picker at C:\Users\HP\AppData\Local\Pub\Cache\hosted\pub.dev\file_picker-8.3.7\
[   +6 ms] Generating C:\Users\HP\Documents\MyGenius\ai_study_companion\android\app\src\main\java\io\flutter\plugins\GeneratedPluginRegistrant.java
[   +1 ms] Skipping generating GeneratedPluginRegistrant.java because it is up-to-date.
[   +1 ms] Skipping generating GeneratedPluginRegistrant.h because it is up-to-date.
[   +1 ms] Skipping generating GeneratedPluginRegistrant.m because it is up-to-date.
[  +92 ms] Launching lib\main.dart on Chrome in debug mode...
[   +2 ms] executing: C:\Users\HP\AppData\Local\Android\sdk\platform-tools\adb.exe devices -l
[  +75 ms] List of devices attached
[  +47 ms] Initializing file store
[   +7 ms] Skipping target: gen_localizations
[   +1 ms] Skipping target: gen_dart_plugin_registrant
[        ] Skipping target: _composite
[        ] complete
[        ] Updating assets
[ +106 ms] Manifest contained wildcard assets. Inserting missing file into build graph to force rerun. for more information see #56466.
[   +8 ms] Waiting for connection from debug service on Chrome...
[  +47 ms] Found plugin image_picker at C:\Users\HP\AppData\Local\Pub\Cache\hosted\pub.dev\image_picker-1.2.1\
[   +1 ms] Found plugin image_picker_windows at C:\Users\HP\AppData\Local\Pub\Cache\hosted\pub.dev\image_picker_windows-0.2.2\
[   +5 ms] Found plugin file_selector_windows at C:\Users\HP\AppData\Local\Pub\Cache\hosted\pub.dev\file_selector_windows-0.9.3+5\
[   +1 ms] Found plugin image_picker_macos at C:\Users\HP\AppData\Local\Pub\Cache\hosted\pub.dev\image_picker_macos-0.2.2+1\
[   +1 ms] Found plugin file_selector_macos at C:\Users\HP\AppData\Local\Pub\Cache\hosted\pub.dev\file_selector_macos-0.9.5\
[        ] Found plugin image_picker_linux at C:\Users\HP\AppData\Local\Pub\Cache\hosted\pub.dev\image_picker_linux-0.2.2\
[        ] Found plugin file_selector_linux at C:\Users\HP\AppData\Local\Pub\Cache\hosted\pub.dev\file_selector_linux-0.9.4\
[        ] Found plugin image_picker_ios at C:\Users\HP\AppData\Local\Pub\Cache\hosted\pub.dev\image_picker_ios-0.8.13+3\
[        ] Found plugin image_picker_for_web at C:\Users\HP\AppData\Local\Pub\Cache\hosted\pub.dev\image_picker_for_web-3.1.1\
[   +2 ms] Found plugin image_picker_android at C:\Users\HP\AppData\Local\Pub\Cache\hosted\pub.dev\image_picker_android-0.8.13+14\
[   +1 ms] Found plugin flutter_plugin_android_lifecycle at C:\Users\HP\AppData\Local\Pub\Cache\hosted\pub.dev\flutter_plugin_android_lifecycle-2.0.33\
[   +1 ms] Found plugin path_provider at C:\Users\HP\AppData\Local\Pub\Cache\hosted\pub.dev\path_provider-2.1.5\
[        ] Found plugin path_provider_windows at C:\Users\HP\AppData\Local\Pub\Cache\hosted\pub.dev\path_provider_windows-2.3.0\
[   +2 ms] Found plugin path_provider_linux at C:\Users\HP\AppData\Local\Pub\Cache\hosted\pub.dev\path_provider_linux-2.2.1\
[   +1 ms] Found plugin path_provider_foundation at C:\Users\HP\AppData\Local\Pub\Cache\hosted\pub.dev\path_provider_foundation-2.5.1\
[        ] Found plugin path_provider_android at C:\Users\HP\AppData\Local\Pub\Cache\hosted\pub.dev\path_provider_android-2.2.22\
[   +1 ms] Found plugin flutter_local_notifications at C:\Users\HP\AppData\Local\Pub\Cache\hosted\pub.dev\flutter_local_notifications-20.1.0\
[   +1 ms] Found plugin flutter_local_notifications_windows at C:\Users\HP\AppData\Local\Pub\Cache\hosted\pub.dev\flutter_local_notifications_windows-2.0.1\
[   +3 ms] Found plugin flutter_local_notifications_linux at C:\Users\HP\AppData\Local\Pub\Cache\hosted\pub.dev\flutter_local_notifications_linux-7.0.0\
[   +3 ms] Found plugin file_picker at C:\Users\HP\AppData\Local\Pub\Cache\hosted\pub.dev\file_picker-8.3.7\
[  +61 ms] shaderc command: [C:\flutterdev\SDK\flutter\bin\cache\artifacts\engine\windows-x64\impellerc.exe, --sksl, --iplr, --json, --sl=build\flutter_assets\shaders/ink_sparkle.frag, --spirv=build\flutter_assets\shaders/ink_sparkle.frag.spirv, --input=C:\flutterdev\SDK\flutter\packages\flutter\lib\src\material\shaders\ink_sparkle.frag, --input-type=frag, --include=C:\flutterdev\SDK\flutter\packages\flutter\lib\src\material\shaders, --include=C:\flutterdev\SDK\flutter\bin\cache\artifacts\engine\windows-x64\shader_lib]
[ +210 ms] <- reset
[   +2 ms] C:\flutterdev\SDK\flutter\bin\cache\dart-sdk\bin\dartaotruntime.exe C:\flutterdev\SDK\flutter\bin\cache\dart-sdk\bin\snapshots\frontend_server_aot.dart.snapshot --sdk-root C:\flutterdev\SDK\flutter\bin\cache\flutter_web_sdk/ --incremental --target=dartdevc --experimental-emit-debug-metadata -DFLUTTER_VERSION=3.35.5 -DFLUTTER_CHANNEL=stable -DFLUTTER_GIT_URL=https://github.com/flutter/flutter.git -DFLUTTER_FRAMEWORK_REVISION=ac4e799d23 -DFLUTTER_ENGINE_REVISION=d3d45dcf25 -DFLUTTER_DART_VERSION=3.9.2 --output-dill C:\Users\HP\AppData\Local\Temp\flutter_tools.a99bdfcf\flutter_tool.2f838288\app.dill --packages C:\Users\HP\Documents\MyGenius\ai_study_companion\.dart_tool\package_config.json -Ddart.vm.profile=false -Ddart.vm.product=false --enable-asserts --track-widget-creation --filesystem-root C:\Users\HP\AppData\Local\Temp\flutter_tools.a99bdfcf\flutter_tools.c3668404 --filesystem-scheme org-dartlang-app --initialize-from-dill build\210bad4901163cba762d02a4a1c86c00.cache.dill.track.dill --platform file:///C:/flutterdev/SDK/flutter/bin/cache/flutter_web_sdk/kernel/ddc_outline.dill --verbosity=error --dartdevc-canary --dartdevc-module-format=ddc
[  +13 ms] <- compile org-dartlang-app:/web_entrypoint.dart
[+11951 ms] Waiting for connection from debug service on Chrome... (completed in 13.6s)
[        ] Synced 0.0MB.
[   +1 ms] "flutter run" took 14,364ms.
[        ] Running 3 shutdown hooks
[   +9 ms] Shutdown hooks complete
[  +94 ms] exiting with code 1
